// Jest Snapshot v1, https://goo.gl/fbAQLP

exports[`<AddFlight /> with no props should match the snapshot 1`] = `"<div class=\\"MuiGrid-root MuiGrid-item MuiGrid-justify-xs-center MuiGrid-grid-lg-6 MuiGrid-grid-xl-6\\" mg=\\"6\\"><div class=\\"MuiGrid-root\\"></div><div class=\\"MuiPaper-root makeStyles-containerWrap-2 MuiPaper-elevation1 MuiPaper-rounded\\"><div class=\\"MuiBox-root MuiBox-root-136\\"><h5 class=\\"MuiTypography-root MuiTypography-h5 MuiTypography-colorPrimary\\">Add Flights</h5></div><form class=\\"makeStyles-root-1\\" novalidate=\\"\\" autoComplete=\\"off\\"><div><div class=\\"MuiFormControl-root MuiTextField-root\\"><label class=\\"MuiFormLabel-root MuiInputLabel-root MuiInputLabel-formControl MuiInputLabel-animated MuiInputLabel-filled\\" data-shrink=\\"false\\">Arrival</label><div class=\\"MuiInputBase-root MuiFilledInput-root MuiFilledInput-underline MuiInputBase-formControl\\"><input type=\\"text\\" aria-invalid=\\"false\\" value=\\"\\" class=\\"MuiInputBase-input MuiFilledInput-input\\"/></div></div><div class=\\"MuiFormControl-root MuiTextField-root\\"><label class=\\"MuiFormLabel-root MuiInputLabel-root MuiInputLabel-formControl MuiInputLabel-animated MuiInputLabel-filled\\" data-shrink=\\"false\\">Departure</label><div class=\\"MuiInputBase-root MuiFilledInput-root MuiFilledInput-underline MuiInputBase-formControl\\"><input type=\\"text\\" aria-invalid=\\"false\\" value=\\"\\" class=\\"MuiInputBase-input MuiFilledInput-input\\"/></div></div></div><div><div class=\\"MuiFormControl-root MuiTextField-root\\"><label class=\\"MuiFormLabel-root MuiInputLabel-root MuiInputLabel-formControl MuiInputLabel-animated MuiInputLabel-shrink MuiInputLabel-filled MuiFormLabel-filled\\" data-shrink=\\"true\\">Arrival Time</label><div class=\\"MuiInputBase-root MuiFilledInput-root MuiFilledInput-underline MuiInputBase-formControl\\"><input type=\\"time\\" aria-invalid=\\"false\\" value=\\"07:30\\" step=\\"300\\" class=\\"MuiInputBase-input MuiFilledInput-input\\"/></div></div><div class=\\"MuiFormControl-root MuiTextField-root\\"><label class=\\"MuiFormLabel-root MuiInputLabel-root MuiInputLabel-formControl MuiInputLabel-animated MuiInputLabel-shrink MuiInputLabel-filled MuiFormLabel-filled\\" data-shrink=\\"true\\">Departure Time</label><div class=\\"MuiInputBase-root MuiFilledInput-root MuiFilledInput-underline MuiInputBase-formControl\\"><input type=\\"time\\" aria-invalid=\\"false\\" value=\\"15:30\\" step=\\"300\\" class=\\"MuiInputBase-input MuiFilledInput-input\\"/></div></div></div><div><div class=\\"MuiFormGroup-root makeStyles-typeContainer-3\\" role=\\"radiogroup\\" aria-label=\\"type\\"><label class=\\"MuiFormControlLabel-root\\"><span class=\\"MuiButtonBase-root MuiIconButton-root PrivateSwitchBase-root-239 MuiRadio-root MuiRadio-colorSecondary PrivateSwitchBase-checked-240 Mui-checked MuiIconButton-colorSecondary\\" aria-disabled=\\"false\\"><span class=\\"MuiIconButton-label\\"><input type=\\"radio\\" checked=\\"\\" class=\\"PrivateSwitchBase-input-242\\" name=\\"type\\" value=\\"business\\"/><div class=\\"PrivateRadioButtonIcon-root-255 PrivateRadioButtonIcon-checked-257\\"><svg class=\\"MuiSvgIcon-root\\" focusable=\\"false\\" viewBox=\\"0 0 24 24\\" aria-hidden=\\"true\\"><path d=\\"M12 2C6.48 2 2 6.48 2 12s4.48 10 10 10 10-4.48 10-10S17.52 2 12 2zm0 18c-4.42 0-8-3.58-8-8s3.58-8 8-8 8 3.58 8 8-3.58 8-8 8z\\"></path></svg><svg class=\\"MuiSvgIcon-root PrivateRadioButtonIcon-layer-256\\" focusable=\\"false\\" viewBox=\\"0 0 24 24\\" aria-hidden=\\"true\\"><path d=\\"M8.465 8.465C9.37 7.56 10.62 7 12 7C14.76 7 17 9.24 17 12C17 13.38 16.44 14.63 15.535 15.535C14.63 16.44 13.38 17 12 17C9.24 17 7 14.76 7 12C7 10.62 7.56 9.37 8.465 8.465Z\\"></path></svg></div></span></span><span class=\\"MuiTypography-root MuiFormControlLabel-label MuiTypography-body1\\">Business Class</span></label><label class=\\"MuiFormControlLabel-root\\"><span class=\\"MuiButtonBase-root MuiIconButton-root PrivateSwitchBase-root-239 MuiRadio-root MuiRadio-colorSecondary MuiIconButton-colorSecondary\\" aria-disabled=\\"false\\"><span class=\\"MuiIconButton-label\\"><input type=\\"radio\\" class=\\"PrivateSwitchBase-input-242\\" name=\\"type\\" value=\\"cheap\\"/><div class=\\"PrivateRadioButtonIcon-root-255\\"><svg class=\\"MuiSvgIcon-root\\" focusable=\\"false\\" viewBox=\\"0 0 24 24\\" aria-hidden=\\"true\\"><path d=\\"M12 2C6.48 2 2 6.48 2 12s4.48 10 10 10 10-4.48 10-10S17.52 2 12 2zm0 18c-4.42 0-8-3.58-8-8s3.58-8 8-8 8 3.58 8 8-3.58 8-8 8z\\"></path></svg><svg class=\\"MuiSvgIcon-root PrivateRadioButtonIcon-layer-256\\" focusable=\\"false\\" viewBox=\\"0 0 24 24\\" aria-hidden=\\"true\\"><path d=\\"M8.465 8.465C9.37 7.56 10.62 7 12 7C14.76 7 17 9.24 17 12C17 13.38 16.44 14.63 15.535 15.535C14.63 16.44 13.38 17 12 17C9.24 17 7 14.76 7 12C7 10.62 7.56 9.37 8.465 8.465Z\\"></path></svg></div></span></span><span class=\\"MuiTypography-root MuiFormControlLabel-label MuiTypography-body1\\">Economy Class</span></label></div></div></form><div class=\\"MuiGrid-root MuiGrid-container MuiGrid-item\\"><div class=\\"MuiBox-root MuiBox-root-267\\"><button class=\\"MuiButtonBase-root MuiButton-root MuiButton-contained MuiButton-containedPrimary\\" tabindex=\\"0\\" type=\\"button\\"><span class=\\"MuiButton-label\\">Save &amp; Continue</span></button></div><div class=\\"MuiBox-root MuiBox-root-297\\"><button class=\\"MuiButtonBase-root MuiButton-root MuiButton-contained\\" tabindex=\\"0\\" type=\\"button\\"><span class=\\"MuiButton-label\\">Back</span></button></div></div></div></div>"`;
